Microchip MPLAB XC8 Compiler V2.36

Linker command line:

-W-3 --edf=D:\Program Files\Microchip\xc8\v2.36\pic\dat\en_msgs.txt -cn \
  -h+dist/default/production\TrabalhoFinal_R_M.X.production.sym \
  --cmf=dist/default/production\TrabalhoFinal_R_M.X.production.cmf -z \
  -Q16F877A -oC:\Users\Rodrigo\AppData\Local\Temp\xcAs354.4 \
  --defsym=__MPLAB_BUILD=1 \
  -Mdist/default/production/TrabalhoFinal_R_M.X.production.map \
  --md=C:\Users\Rodrigo\AppData\Local\Temp\xcAs354.dat -E1 \
  -ver=XC8 Compiler --acfsm=1493 -ACODE=00h-07FFhx4 -ASTRCODE=00h-01FFFh \
  -ASTRING=00h-0FFhx32 -ACONST=00h-0FFhx32 -AENTRY=00h-0FFhx32 \
  -ACOMMON=070h-07Fh -ABANK0=020h-06Fh -ABANK1=0A0h-0EFh \
  -ABANK2=0110h-016Fh -ABANK3=0190h-01EFh \
  -ARAM=020h-06Fh,0A0h-0EFh,0110h-016Fh,0190h-01EFh \
  -AABS1=020h-07Fh,0A0h-0EFh,0110h-016Fh,0190h-01EFh -ASFR0=00h-01Fh \
  -ASFR1=080h-09Fh -ASFR2=0100h-010Fh -ASFR3=0180h-018Fh \
  -ACONFIG=02007h-02007h -DCONFIG=2 -AIDLOC=02000h-02003h -DIDLOC=2 \
  -AEEDATA=00h-0FFh/02100h -peeprom_data=EEDATA -DEEDATA=2 -DCODE=2 \
  -DSTRCODE=2 -DSTRING=2 -DCONST=2 -DENTRY=2 \
  -preset_vec=00h,intentry=04h,init,end_init -ppowerup=CODE -pcinit=CODE \
  -pfunctab=ENTRY -k C:\Users\Rodrigo\AppData\Local\Temp\xcAs354.o \
  dist/default/production\TrabalhoFinal_R_M.X.production.o 

Object code version is 3.11

Machine type is 16F877A



                Name                               Link     Load   Length Selector   Space Scale
C:\Users\Rodrigo\AppData\Local\Temp\xcAs354.o
                end_init                              C        C        3        8       0
                reset_vec                             0        0        3        0       0
dist/default/production\TrabalhoFinal_R_M.X.production.o
                cinit                                 F        F       20        8       0
                intentry                              4        4        8        8       0
                text17                              27F      27F        1        8       0
                text16                              150      150       41        8       0
                text15                              25A      25A       11        8       0
                text14                              1BC      1BC       22        8       0
                text13                              1FD      1FD       1A        8       0
                text12                               98       98       63        8       0
                text11                              246      246       14        8       0
                text10                              27E      27E        1        8       0
                text9                               191      191       2B        8       0
                text8                                2F       2F       69        8       0
                text7                               230      230       16        8       0
                text6                               1DE      1DE       1F        8       0
                text5                               217      217       19        8       0
                text4                               27D      27D        1        8       0
                text3                               27C      27C        1        8       0
                text2                               26B      26B        C        8       0
                text1                               27B      27B        1        8       0
                maintext                             FB       FB       55        8       0
                cstackBANK0                          20       20       10       20       1
                cstackCOMMON                         70       70        7       70       1
                dataBANK0                            30       30        4       20       1
                bssCOMMON                            77       77        4       70       1
                idataBANK0                          277      277        4        8       0

TOTAL           Name                               Link     Load   Length     Space
        CLASS   CODE           
                end_init                              C        C        3         0
                cinit                                 F        F       20         0
                intentry                              4        4        8         0
                reset_vec                             0        0        3         0
                text17                              27F      27F        1         0
                text16                              150      150       41         0
                text15                              25A      25A       11         0
                text14                              1BC      1BC       22         0
                text13                              1FD      1FD       1A         0
                text12                               98       98       63         0
                text11                              246      246       14         0
                text10                              27E      27E        1         0
                text9                               191      191       2B         0
                text8                                2F       2F       69         0
                text7                               230      230       16         0
                text6                               1DE      1DE       1F         0
                text5                               217      217       19         0
                text4                               27D      27D        1         0
                text3                               27C      27C        1         0
                text2                               26B      26B        C         0
                text1                               27B      27B        1         0
                maintext                             FB       FB       55         0
                idataBANK0                          277      277        4         0

        CLASS   STRCODE        

        CLASS   STRING         

        CLASS   CONST          

        CLASS   ENTRY          

        CLASS   COMMON         
                cstackCOMMON                         70       70        7         1
                bssCOMMON                            77       77        4         1

        CLASS   BANK0          
                cstackBANK0                          20       20       10         1
                dataBANK0                            30       30        4         1

        CLASS   BANK1          

        CLASS   BANK2          

        CLASS   BANK3          

        CLASS   RAM            

        CLASS   ABS1           
                abs_s1                               7E       7E        2         1

        CLASS   SFR0           

        CLASS   SFR1           

        CLASS   SFR2           

        CLASS   SFR3           

        CLASS   CONFIG         

        CLASS   IDLOC          

        CLASS   EEDATA         

        CLASS   STACK          



SEGMENTS        Name                           Load    Length   Top    Selector   Space  Class     Delta

                reset_vec                      000000  000003  000003         0       0  CODE        2
                intentry                       000004  00027C  000280         8       0  CODE        2
                cstackBANK0                    000020  000014  000034        20       1  BANK0       1
                cstackCOMMON                   000070  00000B  00007B        70       1  COMMON      1


UNUSED ADDRESS RANGES

        Name                Unused          Largest block    Delta
        BANK0            034-06F            3C           1
        BANK1            0A0-0EF            50           1
        BANK2            110-16F            60           1
        BANK3            190-1EF            60           1
        CODE             003-003             1           2
                         280-1FFF           800
        COMMON           07B-07D             3           1
        CONFIG           2007-2007             1           2
        CONST            003-003             1           2
                         280-1FFF           100
        EEDATA           2100-21FF           100           2
        ENTRY            003-003             1           2
                         280-1FFF           100
        IDLOC            2000-2003             4           2
        RAM              034-06F            3C           1
                         0A0-0EF            50
                         110-16F            60
                         190-1EF            60
        SFR0             000-01F            20           1
        SFR1             080-09F            20           1
        SFR2             100-10F            10           1
        SFR3             180-18F            10           1
        STRCODE          003-003             1           2
                         280-1FFF          1D80
        STRING           003-003             1           2
                         280-1FFF           100

                                  Symbol Table

?___awdiv                           cstackCOMMON 073
?___wmul                            cstackCOMMON 073
Lcd_Cmd@a                           cstackCOMMON 076
Lcd_Port@a                          cstackCOMMON 073
_INTCONbits                         (abs)        00B
_Lcd_Cmd                            text13       1FD
_Lcd_Init                           text12       098
_Lcd_Port                           text14       1BC
_OPTION_REGbits                     (abs)        081
_PIE1bits                           (abs)        08C
_PIR1bits                           (abs)        00C
_PORTB                              (abs)        006
_PORTBbits                          (abs)        006
_PORTD                              (abs)        008
_PORTDbits                          (abs)        008
_T1CONbits                          (abs)        010
_TMR1H                              (abs)        00F
_TMR1IF                             (abs)        060
_TMR1L                              (abs)        00E
_TRISA                              (abs)        085
_TRISB                              (abs)        086
_TRISD                              (abs)        088
__Habs1                             abs1         000
__Hbank0                            bank0        000
__Hbank1                            bank1        000
__Hbank2                            bank2        000
__Hbank3                            bank3        000
__HbssCOMMON                        bssCOMMON    000
__Hcinit                            cinit        02F
__Hclrtext                          clrtext      000
__Hcode                             code         000
__Hcommon                           common       000
__HcstackBANK0                      cstackBANK0  000
__HcstackCOMMON                     cstackCOMMON 000
__HdataBANK0                        dataBANK0    000
__Heeprom_data                      eeprom_data  000
__Hend_init                         end_init     00F
__Hfunctab                          functab      000
__HidataBANK0                       idataBANK0   000
__Hinit                             init         00C
__Hintentry                         intentry     00C
__Hmaintext                         maintext     000
__Hpowerup                          powerup      000
__Hram                              ram          000
__Hreset_vec                        reset_vec    003
__Hsfr0                             sfr0         000
__Hsfr1                             sfr1         000
__Hsfr2                             sfr2         000
__Hsfr3                             sfr3         000
__Hspace_0                          (abs)        280
__Hspace_1                          (abs)        07B
__Hspace_2                          (abs)        000
__Hspace_3                          (abs)        000
__Hstack                            stack        000
__Hstrings                          strings      000
__Htext                             text         000
__Labs1                             abs1         000
__Lbank0                            bank0        000
__Lbank1                            bank1        000
__Lbank2                            bank2        000
__Lbank3                            bank3        000
__LbssCOMMON                        bssCOMMON    000
__Lcinit                            cinit        00F
__Lclrtext                          clrtext      000
__Lcode                             code         000
__Lcommon                           common       000
__LcstackBANK0                      cstackBANK0  000
__LcstackCOMMON                     cstackCOMMON 000
__LdataBANK0                        dataBANK0    000
__Leeprom_data                      eeprom_data  000
__Lend_init                         end_init     00C
__Lfunctab                          functab      000
__LidataBANK0                       idataBANK0   000
__Linit                             init         00C
__Lintentry                         intentry     004
__Lmaintext                         maintext     000
__Lpowerup                          powerup      000
__Lram                              ram          000
__Lreset_vec                        reset_vec    000
__Lsfr0                             sfr0         000
__Lsfr1                             sfr1         000
__Lsfr2                             sfr2         000
__Lsfr3                             sfr3         000
__Lspace_0                          (abs)        000
__Lspace_1                          (abs)        000
__Lspace_2                          (abs)        000
__Lspace_3                          (abs)        000
__Lstack                            stack        000
__Lstrings                          strings      000
__Ltext                             text         000
__S0                                (abs)        280
__S1                                (abs)        07B
__S3                                (abs)        000
___awdiv                            text8        02F
___awdiv@counter                    cstackBANK0  021
___awdiv@dividend                   cstackCOMMON 075
___awdiv@divisor                    cstackCOMMON 073
___awdiv@quotient                   cstackBANK0  023
___awdiv@sign                       cstackBANK0  022
___int_sp                           stack        000
___latbits                          (abs)        002
___sp                               stack        000
___stackhi                          (abs)        000
___stacklo                          (abs)        000
___wmul                             text9        191
___wmul@multiplicand                cstackCOMMON 075
___wmul@multiplier                  cstackCOMMON 073
___wmul@product                     cstackBANK0  020
__end_of_Lcd_Cmd                    text13       217
__end_of_Lcd_Init                   text12       0FB
__end_of_Lcd_Port                   text14       1DE
__end_of___awdiv                    text8        098
__end_of___wmul                     text9        1BC
__end_of__initialization            cinit        02B
__end_of_changeTimerMaxConter       text7        246
__end_of_handleExternalInterruption text17       280
__end_of_handleMenu                 text3        27D
__end_of_handleTimerInterruption    text16       191
__end_of_interrupcao                text15       26B
__end_of_irrigar                    text11       25A
__end_of_main                       maintext     150
__end_of_setupExternalInterruption  text10       27F
__end_of_setupNewVolumeFlow         text6        1FD
__end_of_setupTimer                 text5        230
__end_of_setupWatchdogTimer         text4        27E
__end_of_verifyMenu                 text2        277
__end_of_verifySensor               text1        27C
__initialization                    cinit        00F
__pbssCOMMON                        bssCOMMON    077
__pcstackBANK0                      cstackBANK0  020
__pcstackCOMMON                     cstackCOMMON 070
__pdataBANK0                        dataBANK0    030
__pidataBANK0                       idataBANK0   277
__pintentry                         intentry     004
__pmaintext                         maintext     0FB
__ptext1                            text1        27B
__ptext10                           text10       27E
__ptext11                           text11       246
__ptext12                           text12       098
__ptext13                           text13       1FD
__ptext14                           text14       1BC
__ptext15                           text15       25A
__ptext16                           text16       150
__ptext17                           text17       27F
__ptext2                            text2        26B
__ptext3                            text3        27C
__ptext4                            text4        27D
__ptext5                            text5        217
__ptext6                            text6        1DE
__ptext7                            text7        230
__ptext8                            text8        02F
__ptext9                            text9        191
_changeTimerMaxConter               text7        230
_handleExternalInterruption         text17       27F
_handleMenu                         text3        27C
_handleTimerInterruption            text16       150
_interrupcao                        text15       25A
_irrigacao_ativa                    bssCOMMON    077
_irrigar                            text11       246
_main                               maintext     0FB
_setupExternalInterruption          text10       27E
_setupNewVolumeFlow                 text6        1DE
_setupTimer                         text5        217
_setupWatchdogTimer                 text4        27D
_timer_counter                      bssCOMMON    079
_timer_counter_max                  dataBANK0    032
_verifyMenu                         text2        26B
_verifySensor                       text1        27B
btemp                               (abs)        07E
changeTimerMaxConter@mili_s         cstackBANK0  025
end_of_initialization               cinit        02B
interrupt_function                  intentry     004
intlevel0                           functab      000
intlevel1                           functab      000
intlevel2                           functab      000
intlevel3                           functab      000
intlevel4                           functab      000
intlevel5                           functab      000
main@a                              cstackBANK0  02E
reset_vec                           reset_vec    000
saved_w                             (abs)        07E
setupNewVolumeFlow@new_ml           cstackBANK0  027
setupNewVolumeFlow@new_ms           cstackBANK0  029
start                               init         00C
start_initialization                cinit        00F
wtemp0                              (abs)        07E


MODULE INFORMATION

Module		Function		Class		Link	Load	Size
D:\Program Files\Microchip\xc8\v2.36\pic\sources\c90\common\Umul16.c
		___wmul        		CODE           	0191	0000	43

D:\Program Files\Microchip\xc8\v2.36\pic\sources\c90\common\Umul16.c estimated size: 43

./lcd.h
		_Lcd_Init      		CODE           	0098	0000	99
		_Lcd_Cmd       		CODE           	01FD	0000	26
		_Lcd_Port      		CODE           	01BC	0000	34

./lcd.h estimated size: 159

shared
		__initialization		CODE           	000F	0000	28

shared estimated size: 28

D:\Program Files\Microchip\xc8\v2.36\pic\sources\c90\common\awdiv.c
		___awdiv       		CODE           	002F	0000	105

D:\Program Files\Microchip\xc8\v2.36\pic\sources\c90\common\awdiv.c estimated size: 105

main.c
		_handleExternalInterruption		CODE           	027F	0000	1
		_irrigar       		CODE           	0246	0000	20
		_setupWatchdogTimer		CODE           	027D	0000	1
		_changeTimerMaxConter		CODE           	0230	0000	22
		_setupExternalInterruption		CODE           	027E	0000	1
		_main          		CODE           	00FB	0000	85
		_handleTimerInterruption		CODE           	0150	0000	65
		_interrupcao   		CODE           	025A	0000	17
		_verifyMenu    		CODE           	026B	0000	12
		_verifySensor  		CODE           	027B	0000	1
		_setupNewVolumeFlow		CODE           	01DE	0000	31
		_handleMenu    		CODE           	027C	0000	1
		_setupTimer    		CODE           	0217	0000	25

main.c estimated size: 282

